// Jest Snapshot v1, https://goo.gl/fbAQLP

exports[`convert template with hot reload helpers should convert basic-dropdown 1`] = `
"import precompileTemplate from '@ember/template-compilation';
precompileTemplate(\`
{{#let (hash uniqueId=this.publicAPI.uniqueId isOpen=this.publicAPI.isOpen disabled=this.publicAPI.disabled actions=this.publicAPI.actions Trigger=(if ((webpack-hot-reload (helper "eq") type="helper") @triggerComponent undefined) (webpack-hot-reload (component "basic-dropdown-trigger") type="component") (webpack-hot-reload (component (ensure-safe-component @triggerComponent)) type="component")) Content=(if ((webpack-hot-reload (helper "eq") type="helper") @contentComponent undefined) (webpack-hot-reload (component "basic-dropdown-content") type="component") (webpack-hot-reload (component (ensure-safe-component @contentComponent)) type="component"))) as |api|}}{{#if this.renderInPlace}}    <div class="ember-basic-dropdown" ...attributes>{{yield api}}</div>
{{else}}    {{yield api}}
{{/if}}{{/let}}\`);"
`;

exports[`convert template with hot reload helpers should convert correctly 1`] = `
"import precompileTemplate from '@ember/template-compilation';
precompileTemplate(\`
  {{#let (webpack-hot-reload (helper "page-title") type="helper") as |helper_0|}}{{helper_0 "HotReload"}}{{/let}}

{{!-- The following component displays Ember's default welcome message. --}}<br />
{{#let (webpack-hot-reload (helper "print-number") type="helper") as |output|}}  helpler {{output}}
{{/let}}{{!-- Feel free to remove this! --}}
{{#let (webpack-hot-reload (component "my-comp") type="component") as |component_2|}}{{component_2 rootEventType=((webpack-hot-reload (helper "or") type="helper") @rootEventType "click")}}{{/let}}


{{#let this.FirstComponent as |output|}}  {{output}}
{{/let}}
<div {{this.myModifier}}></div>

{{#let (webpack-hot-reload (component "FirstComponent") type="component") as |component_4|}}{{component_4}}{{/let}}

<br />
26

<br />

{{this.x}}


{{outlet}}
  \`);"
`;
